// Jest Snapshot v1, https://goo.gl/fbAQLP

exports[`With React Testing Library Snapshot Should match Snapshot 1`] = `
<DocumentFragment>
  <div
    class="pages__Home-aoukjq-0 daIxDA"
  >
    <p>
      HOMEPAGE
    </p>
  </div>
</DocumentFragment>
`;
